

*|INTERESTED:Daily specialities of interest:Allergy and immunology,Anaesthesia and pain,Cancers,Cardiovascular system disorders,Complementary and alternative therapies,Critical care,Diabetes,Ear, nose and throat disorders,Emergency medicine and urgent care,Endocrine system disorders,Eyes and vision,Family planning,Gastrointestinal disorders,Genetics,Haematological disorders,Infection and infectious diseases,Later life,Learning disabilities,Liver disorders,Mental health and illness,Musculo-skeletal disorders,Neurological disorders,Nutritional and metabolic disorders,Obstetrics and gynaecology,Oral and dental health,Other / Unclassified,Paediatric and neonatal medicine,Palliative and End of Life Care,Policy, Commissioning and Managerial,Renal and urologic disorders,Respiratory disorders,Sexual health,Skin disorders,Sports medicine,Stroke,Surgery,Travel medicine,Vaccination,Wounds and injuries|*
<table class="row articles-match-container" bgcolor="#393939">
	<tbody>
		<tr>
			<td>
                <table>
                    <tr>
                        <td>
                            <div class="articles-match">
                                <div class="white-text">
                                    *|INTERESTED:Daily specialities of interest:Cancers,Later life,Stroke|*
                                    Articles that match your chosen specialities today
                                    *|ELSE:|*
                                    No articles match your chosen specialities today
                                    *|END:INTERESTED|*
                                    - 
                                    <a class="white-link" href="*|UPDATE_PROFILE|*"
                                        >Edit your subscription</a
                                    >
                                </div>
				            </div>
                        </td>
                    </tr>
                </table>               
			</td>
		</tr>
	</tbody>
</table>

    *|INTERESTED:Daily specialities of interest:Later life|*

<table class="spacer-heading">
    <tbody>
        <tr>
            <td>
                <h2 class="article-heading">
                    Guidance and advice
                </h2>
            </td>
        </tr>
    </tbody>
</table>        *|INTERESTED:Daily specialities of interest:Later life|*

<table class="row article-border">
    <tbody>
        <tr>
            <th>
            <div class="article-wrapper">
                <table>
                    <tbody>
                        <tr>
                            <th>
                                <h3 class="article-title">
                                        <a class="article-link" href="https://www.google.com/">
                                            Item 3
                                        </a>
                                </h3>
                                
                                <p class="article-description">
                                    Some short summary
                                </p>

                                    <p class="article-description">
                                        <a class="article-link-subtle standard-link" href="http://mas-integration-tests/item-3.html" aria-label="Read further information for Item 3">
                                            Further Information
                                        </a>
                                    </p>
                                <p class="source-tag-container">
                                    <span class="source-tag">Source: ABL Health Ltd</span>
                                </p>
                                
                                <p class="article-tags">
                                        <span class="specialism-tag">
                                            Later life
                                        </span>
                                        <span>&nbsp;</span>
                                </p>
                            </th>
                            <th class="expander"></th>
                        </tr>
                    </tbody>
                </table>
                </div>
            </th>
        </tr>
    </tbody>
</table>        *|END:INTERESTED|*
    *|END:INTERESTED|*
    *|INTERESTED:Daily specialities of interest:Cancers|*

<table class="spacer-heading">
    <tbody>
        <tr>
            <td>
                <h2 class="article-heading">
                    Safety alerts
                </h2>
            </td>
        </tr>
    </tbody>
</table>        *|INTERESTED:Daily specialities of interest:Cancers|*

<table class="row article-border">
    <tbody>
        <tr>
            <th>
            <div class="article-wrapper">
                <table>
                    <tbody>
                        <tr>
                            <th>
                                <h3 class="article-title">
                                        <a class="article-link" href="https://www.abc.com">
                                            Item 1
                                        </a>
                                </h3>
                                
                                <p class="article-description">
                                    This is some short summary
                                </p>

                                    <p class="article-description">
                                        <a class="article-link-subtle standard-link" href="http://mas-integration-tests/item-1.html" aria-label="Read further information for Item 1">
                                            Further Information
                                        </a>
                                    </p>
                                <p class="source-tag-container">
                                    <span class="source-tag">Source: 2020health</span>
                                </p>
                                
                                <p class="article-tags">
                                        <span class="specialism-tag">
                                            Cancers
                                        </span>
                                        <span>&nbsp;</span>
                                </p>
                            </th>
                            <th class="expander"></th>
                        </tr>
                    </tbody>
                </table>
                </div>
            </th>
        </tr>
    </tbody>
</table>        *|END:INTERESTED|*
    *|END:INTERESTED|*
    *|INTERESTED:Daily specialities of interest:Stroke|*

<table class="spacer-heading">
    <tbody>
        <tr>
            <td>
                <h2 class="article-heading">
                    Evidence summaries
                </h2>
            </td>
        </tr>
    </tbody>
</table>        *|INTERESTED:Daily specialities of interest:Stroke|*

<table class="row article-border">
    <tbody>
        <tr>
            <th>
            <div class="article-wrapper">
                <table>
                    <tbody>
                        <tr>
                            <th>
                                <h3 class="article-title">
                                        <a class="article-link" href="https://www.google.com">
                                            Item 2
                                        </a>
                                </h3>
                                
                                <p class="article-description">
                                    Some short summary
                                </p>

                                    <p class="article-description">
                                        <a class="article-link-subtle standard-link" href="http://mas-integration-tests/item-2.html" aria-label="Read further information for Item 2">
                                            Further Information
                                        </a>
                                    </p>
                                <p class="source-tag-container">
                                    <span class="source-tag">Source: ABL Health Ltd</span>
                                </p>
                                
                                <p class="article-tags">
                                        <span class="specialism-tag">
                                            Stroke
                                        </span>
                                        <span>&nbsp;</span>
                                </p>
                            </th>
                            <th class="expander"></th>
                        </tr>
                    </tbody>
                </table>
                </div>
            </th>
        </tr>
    </tbody>
</table>        *|END:INTERESTED|*
    *|END:INTERESTED|*
*|END:INTERESTED|*

*|INTERESTED:Send me everything from Medicines Awareness Daily:Send me everything|*
<table class="row articles-match-container" bgcolor="#393939">
	<tbody>
		<tr>
			<td>
                <table>
                    <tr>
                        <td>
                            <div class="articles-match">
                                <p class="white-text">
                                    All articles from Medicines Awareness Service: Daily edition
                                </p>
				            </div>
                        </td>
                    </tr>
                </table>               
			</td>
		</tr>
	</tbody>
</table>


<table class="spacer-heading">
    <tbody>
        <tr>
            <td>
                <h2 class="article-heading">
                    Guidance and advice
                </h2>
            </td>
        </tr>
    </tbody>
</table>
<table class="row article-border">
    <tbody>
        <tr>
            <th>
            <div class="article-wrapper">
                <table>
                    <tbody>
                        <tr>
                            <th>
                                <h3 class="article-title">
                                        <a class="article-link" href="https://www.google.com/">
                                            Item 3
                                        </a>
                                </h3>
                                
                                <p class="article-description">
                                    Some short summary
                                </p>

                                    <p class="article-description">
                                        <a class="article-link-subtle standard-link" href="http://mas-integration-tests/item-3.html" aria-label="Read further information for Item 3">
                                            Further Information
                                        </a>
                                    </p>
                                <p class="source-tag-container">
                                    <span class="source-tag">Source: ABL Health Ltd</span>
                                </p>
                                
                                <p class="article-tags">
                                        <span class="specialism-tag">
                                            Later life
                                        </span>
                                        <span>&nbsp;</span>
                                </p>
                            </th>
                            <th class="expander"></th>
                        </tr>
                    </tbody>
                </table>
                </div>
            </th>
        </tr>
    </tbody>
</table>
<table class="spacer-heading">
    <tbody>
        <tr>
            <td>
                <h2 class="article-heading">
                    Safety alerts
                </h2>
            </td>
        </tr>
    </tbody>
</table>
<table class="row article-border">
    <tbody>
        <tr>
            <th>
            <div class="article-wrapper">
                <table>
                    <tbody>
                        <tr>
                            <th>
                                <h3 class="article-title">
                                        <a class="article-link" href="https://www.abc.com">
                                            Item 1
                                        </a>
                                </h3>
                                
                                <p class="article-description">
                                    This is some short summary
                                </p>

                                    <p class="article-description">
                                        <a class="article-link-subtle standard-link" href="http://mas-integration-tests/item-1.html" aria-label="Read further information for Item 1">
                                            Further Information
                                        </a>
                                    </p>
                                <p class="source-tag-container">
                                    <span class="source-tag">Source: 2020health</span>
                                </p>
                                
                                <p class="article-tags">
                                        <span class="specialism-tag">
                                            Cancers
                                        </span>
                                        <span>&nbsp;</span>
                                </p>
                            </th>
                            <th class="expander"></th>
                        </tr>
                    </tbody>
                </table>
                </div>
            </th>
        </tr>
    </tbody>
</table>
<table class="spacer-heading">
    <tbody>
        <tr>
            <td>
                <h2 class="article-heading">
                    Evidence summaries
                </h2>
            </td>
        </tr>
    </tbody>
</table>
<table class="row article-border">
    <tbody>
        <tr>
            <th>
            <div class="article-wrapper">
                <table>
                    <tbody>
                        <tr>
                            <th>
                                <h3 class="article-title">
                                        <a class="article-link" href="https://www.google.com">
                                            Item 2
                                        </a>
                                </h3>
                                
                                <p class="article-description">
                                    Some short summary
                                </p>

                                    <p class="article-description">
                                        <a class="article-link-subtle standard-link" href="http://mas-integration-tests/item-2.html" aria-label="Read further information for Item 2">
                                            Further Information
                                        </a>
                                    </p>
                                <p class="source-tag-container">
                                    <span class="source-tag">Source: ABL Health Ltd</span>
                                </p>
                                
                                <p class="article-tags">
                                        <span class="specialism-tag">
                                            Stroke
                                        </span>
                                        <span>&nbsp;</span>
                                </p>
                            </th>
                            <th class="expander"></th>
                        </tr>
                    </tbody>
                </table>
                </div>
            </th>
        </tr>
    </tbody>
</table>*|END:INTERESTED|*
