
<div>


<table class="spacer-heading">
    <tbody>
        <tr>
            <td>
                <h2 class="article-heading">
                    Guidance and advice
                </h2>
            </td>
        </tr>
    </tbody>
</table>
<table class="row article-border">
    <tbody>
        <tr>
            <th>
            <div class="article-wrapper">
                <table>
                    <tbody>
                        <tr>
                            <th>
                                <h3 class="article-title">
                                        <a class="article-link" href="https://www.medicines.org.uk/emc/product/10478/smpc">
                                            Emgality (galcanezumab) injection in pre-filled pen 
                                        </a>
                                </h3>
                                
                                <p class="article-description">
                                    SPC now advises that serious hypersensitivity reactions including cases of anaphylaxis, angioedema and urticaria have been reported. If a serious hypersensitivity reaction occurs, administration of galcanezumab should be discontinued immediately and appropriate therapy initiated
                                </p>

                                <p class="source-tag-container">
                                    <span class="source-tag">Source: electronic Medicines compendium</span>
                                </p>
                                
                                <p class="article-tags">
                                        <span class="specialism-tag">
                                            Allergy and immunology
                                        </span>
                                        <span>&nbsp;</span>
                                        <span class="specialism-tag">
                                            Emergency medicine and urgent care
                                        </span>
                                        <span>&nbsp;</span>
                                        <span class="specialism-tag">
                                            Neurological disorders
                                        </span>
                                        <span>&nbsp;</span>
                                </p>
                            </th>
                            <th class="expander"></th>
                        </tr>
                    </tbody>
                </table>
                </div>
            </th>
        </tr>
    </tbody>
</table>
<table class="row article-border">
    <tbody>
        <tr>
            <th>
            <div class="article-wrapper">
                <table>
                    <tbody>
                        <tr>
                            <th>
                                <h3 class="article-title">
                                        <a class="article-link" href="https://jamanetwork.com/journals/jama/fullarticle/2759414">
                                            Effect of Vitamin C, Hydrocortisone, and Thiamine vs Hydrocortisone Alone on Time Alive and Free of Vasopressor Support Among Patients With Septic Shock
                                        </a>
                                </h3>
                                
                                <p class="article-description">
                                    Exploratory RCT (n=216) found IV vitamin C, hydrocortisone &amp; thiamine vs. IV hydrocortisone alone, does not significantly improve duration of time alive &amp; free of vasopressor administration over 7 days (122.1 hrs vs. 124.6 hrs, respectively).
                                </p>

                                    <p class="article-description">
                                        <a class="article-link-subtle standard-link" href="http://mas-integration-tests/effect-of-vitamin-c-hydrocortisone-and-thiamine-vs-hydrocortisone-alone-on-time-alive-and-free-of-vasopressor-support-among-patients-with-septic-shock.html" aria-label="Read further information for Effect of Vitamin C, Hydrocortisone, and Thiamine vs Hydrocortisone Alone on Time Alive and Free of Vasopressor Support Among Patients With Septic Shock">
                                            Further Information
                                        </a>
                                    </p>
                                <p class="source-tag-container">
                                    <span class="source-tag">Source: Journal of the American Medical Association</span>
                                </p>
                                
                                <p class="article-tags">
                                </p>
                            </th>
                            <th class="expander"></th>
                        </tr>
                    </tbody>
                </table>
                </div>
            </th>
        </tr>
    </tbody>
</table>
<table class="row article-border">
    <tbody>
        <tr>
            <th>
            <div class="article-wrapper">
                <table>
                    <tbody>
                        <tr>
                            <th>
                                <h3 class="article-title">
                                        <a class="article-link" href="https://www.thelancet.com/journals/lanpsy/article/PIIS2215-0366(18)30471-1/fulltext">
                                            Opioid prescribing trends and geographical variation in England
                                        </a>
                                </h3>
                                
                                <p class="article-description">
                                    There were substantial increase in opioid (OP) prescribing in NHS between 1998 and 2016; OP prescriptions increased by 34% (from 568/1000 patients to 761/1000). After correcting for total oral morphine equivalency, increase was 127% (from 190,000 to 431,000mg/1000 population).
                                </p>

                                    <p class="article-description">
                                        <a class="article-link-subtle standard-link" href="http://mas-integration-tests/opioid-prescribing-trends-and-geographical-variation-in-england.html" aria-label="Read further information for Opioid prescribing trends and geographical variation in England">
                                            Further Information
                                        </a>
                                    </p>
                                <p class="source-tag-container">
                                    <span class="source-tag">Source: The Lancet Psychiatry</span>
                                </p>
                                
                                <p class="article-tags">
                                        <span class="specialism-tag">
                                            Anaesthesia and pain
                                        </span>
                                        <span>&nbsp;</span>
                                        <span class="specialism-tag">
                                            Mental health and illness
                                        </span>
                                        <span>&nbsp;</span>
                                </p>
                            </th>
                            <th class="expander"></th>
                        </tr>
                    </tbody>
                </table>
                </div>
            </th>
        </tr>
    </tbody>
</table>
</div>
